

Thu Mar  8 22:26:35 2018
Command line: TestDisk

TestDisk 6.14, Data Recovery Utility, July 2013
Christophe GRENIER <grenier@cgsecurity.org>
http://www.cgsecurity.org
OS: Linux, kernel 4.14.17-x86_64-linode99 (#1 SMP Tue Feb 6 19:09:58 UTC 2018) x86_64
Compiler: GCC 4.8
Compilation date: 2013-10-29T01:29:29
ext2fs lib: 1.42.9, ntfs lib: libntfs-3g, reiserfs lib: none, ewf lib: none
Warning: can't get size for Disk /dev/mapper/control - 0 B - 1 sectors, sector size=512
Warning: can't get size for Disk /dev/md0 - 0 B - CHS 1 2 4, sector size=512
Hard disk list
Disk /dev/sda - 21 GB / 20 GiB - CHS 20484 64 32, sector size=512 - QEMU QEMU HARDDISK, FW:2.5+
Disk /dev/sdb - 272 MB / 260 MiB - CHS 1020 9 58, sector size=512 - QEMU QEMU HARDDISK, FW:2.5+

Partition table type (auto): None
Disk /dev/sda - 21 GB / 20 GiB - QEMU QEMU HARDDISK
Partition table type: None

Interface Advanced

recover_EXT2: s_block_group_nr=0/160, s_mnt_count=32/4294967295, s_blocks_per_group=32768, s_inodes_per_group=8192
recover_EXT2: s_blocksize=4096
recover_EXT2: s_blocks_count 5242880
recover_EXT2: part_size 41943040
   P ext4                     0   0  1 20483  63 32   41951232
     ext4 blocksize=4096 Large file Sparse superblock Recover, 21 GB / 20 GiB
search_superblock

recover_EXT2: s_block_group_nr=0/160, s_mnt_count=32/4294967295, s_blocks_per_group=32768, s_inodes_per_group=8192
recover_EXT2: s_blocksize=4096
recover_EXT2: s_blocks_count 5242880
recover_EXT2: part_size 41943040
Ext2 superblock found at sector 2 (block=0, blocksize=4096)

block_group_nr 1

recover_EXT2: "e2fsck -b 32768 -B 4096 device" may be needed
recover_EXT2: s_block_group_nr=1/160, s_mnt_count=0/4294967295, s_blocks_per_group=32768, s_inodes_per_group=8192
recover_EXT2: s_blocksize=4096
recover_EXT2: s_blocks_count 5242880
recover_EXT2: part_size 41943040
Ext2 superblock found at sector 262144 (block=32768, blocksize=4096)

block_group_nr 3

recover_EXT2: "e2fsck -b 98304 -B 4096 device" may be needed
recover_EXT2: s_block_group_nr=3/160, s_mnt_count=0/4294967295, s_blocks_per_group=32768, s_inodes_per_group=8192
recover_EXT2: s_blocksize=4096
recover_EXT2: s_blocks_count 5242880
recover_EXT2: part_size 41943040
Ext2 superblock found at sector 786432 (block=98304, blocksize=4096)

block_group_nr 5

recover_EXT2: "e2fsck -b 163840 -B 4096 device" may be needed
recover_EXT2: s_block_group_nr=5/160, s_mnt_count=0/4294967295, s_blocks_per_group=32768, s_inodes_per_group=8192
recover_EXT2: s_blocksize=4096
recover_EXT2: s_blocks_count 5242880
recover_EXT2: part_size 41943040
Ext2 superblock found at sector 1310720 (block=163840, blocksize=4096)

block_group_nr 7

recover_EXT2: "e2fsck -b 229376 -B 4096 device" may be needed
recover_EXT2: s_block_group_nr=7/160, s_mnt_count=0/4294967295, s_blocks_per_group=32768, s_inodes_per_group=8192
recover_EXT2: s_blocksize=4096
recover_EXT2: s_blocks_count 5242880
recover_EXT2: part_size 41943040
Ext2 superblock found at sector 1835008 (block=229376, blocksize=4096)

block_group_nr 9

recover_EXT2: "e2fsck -b 294912 -B 4096 device" may be needed
recover_EXT2: s_block_group_nr=9/160, s_mnt_count=0/4294967295, s_blocks_per_group=32768, s_inodes_per_group=8192
recover_EXT2: s_blocksize=4096
recover_EXT2: s_blocks_count 5242880
recover_EXT2: part_size 41943040
Ext2 superblock found at sector 2359296 (block=294912, blocksize=4096)

block_group_nr 25

recover_EXT2: "e2fsck -b 819200 -B 4096 device" may be needed
recover_EXT2: s_block_group_nr=25/160, s_mnt_count=0/4294967295, s_blocks_per_group=32768, s_inodes_per_group=8192
recover_EXT2: s_blocksize=4096
recover_EXT2: s_blocks_count 5242880
recover_EXT2: part_size 41943040
Ext2 superblock found at sector 6553600 (block=819200, blocksize=4096)

block_group_nr 27

recover_EXT2: "e2fsck -b 884736 -B 4096 device" may be needed
recover_EXT2: s_block_group_nr=27/160, s_mnt_count=0/4294967295, s_blocks_per_group=32768, s_inodes_per_group=8192
recover_EXT2: s_blocksize=4096
recover_EXT2: s_blocks_count 5242880
recover_EXT2: part_size 41943040
Ext2 superblock found at sector 7077888 (block=884736, blocksize=4096)

block_group_nr 49

recover_EXT2: "e2fsck -b 1605632 -B 4096 device" may be needed
recover_EXT2: s_block_group_nr=49/160, s_mnt_count=0/4294967295, s_blocks_per_group=32768, s_inodes_per_group=8192
recover_EXT2: s_blocksize=4096
recover_EXT2: s_blocks_count 5242880
recover_EXT2: part_size 41943040
Ext2 superblock found at sector 12845056 (block=1605632, blocksize=4096)

block_group_nr 81

recover_EXT2: "e2fsck -b 2654208 -B 4096 device" may be needed
recover_EXT2: s_block_group_nr=81/160, s_mnt_count=0/4294967295, s_blocks_per_group=32768, s_inodes_per_group=8192
recover_EXT2: s_blocksize=4096
recover_EXT2: s_blocks_count 5242880
recover_EXT2: part_size 41943040
Ext2 superblock found at sector 21233664 (block=2654208, blocksize=4096)
  ext4                     0   0  1 20479  63 32   41943040
superblock 0, blocksize=4096 []
superblock 32768, blocksize=4096 []
superblock 98304, blocksize=4096 []
superblock 163840, blocksize=4096 []
superblock 229376, blocksize=4096 []
superblock 294912, blocksize=4096 []
superblock 819200, blocksize=4096 []
superblock 884736, blocksize=4096 []
superblock 1605632, blocksize=4096 []
superblock 2654208, blocksize=4096 []

To repair the filesystem using alternate superblock, run
fsck.ext4 -p -b superblock -B blocksize device


dir_partition inode=2
   P ext4                     0   0  1 20483  63 32   41951232
     ext4 blocksize=4096 Large file Sparse superblock Recover, 21 GB / 20 GiB
Directory /
       2 drwxr-xr-x     0      0      4096  7-Mar-2017 19:17 .
       2 drwxr-xr-x     0      0      4096  7-Mar-2017 19:17 ..
      11 drwx------     0      0     16384 20-Apr-2014 21:19 lost+found
   25773 -rw-r--r--     0      0    523264 15-Sep-2015 10:55 Documents
  901148 drwxr-xr-x     0      0      4096 18-Oct-2016 14:45 build
   32769 drwxr-xr-x     0      0      4096  6-Feb-2018 07:42 bin
   24577 drwxr-xr-x     0      0      4096  8-Sep-2015 11:51 boot
   14076 drwxr-xr-x     0      0     12288 21-Feb-2018 16:09 dev
   16385 drwxr-xr-x     0      0     12288  7-Mar-2018 08:28 etc
    8193 drwxr-xr-x     0      0      4096  5-Nov-2015 13:25 home
   19564 drwxr-xr-x     0      0      4096  6-Apr-2017 09:41 lib
   22653 drwxr-xr-x     0      0      4096 18-Jan-2018 07:59 lib64
      12 drwxr-xr-x     0      0      4096 20-Apr-2014 21:20 media
   28873 drwxr-xr-x     0      0      4096 11-Apr-2014 06:12 mnt
   22651 drwxr-xr-x     0      0      4096 25-Aug-2016 10:19 opt
    4129 drwxr-xr-x     0      0      4096 11-Apr-2014 06:12 proc
   25624 drwx------     0      0      4096  5-Nov-2015 11:26 root
    5211 drwxr-xr-x     0      0      4096 22-Oct-2014 01:14 run
   29443 drwxr-xr-x     0      0     12288  2-Mar-2018 07:38 sbin
   22652 drwxr-xr-x     0      0      4096 17-Apr-2014 05:02 srv
    8194 drwxr-xr-x     0      0      4096 13-Mar-2014 09:41 sys
    5212 drwxrwxrwt     0      0      4096  8-Mar-2018 22:25 tmp
      13 drwxr-xr-x     0      0      4096 20-Apr-2014 21:19 usr
    4130 drwxr-xr-x     0      0      4096  8-Sep-2015 11:53 var
   45138 drwxr-xr-x     0      0      4096 20-Oct-2016 15:21 out

Interface Advanced

recover_EXT2: s_block_group_nr=0/160, s_mnt_count=32/4294967295, s_blocks_per_group=32768, s_inodes_per_group=8192
recover_EXT2: s_blocksize=4096
recover_EXT2: s_blocks_count 5242880
recover_EXT2: part_size 41943040
   P ext4                     0   0  1 20483  63 32   41951232
     ext4 blocksize=4096 Large file Sparse superblock Recover, 21 GB / 20 GiB

Interface Advanced

recover_EXT2: s_block_group_nr=0/160, s_mnt_count=32/4294967295, s_blocks_per_group=32768, s_inodes_per_group=8192
recover_EXT2: s_blocksize=4096
recover_EXT2: s_blocks_count 5242880
recover_EXT2: part_size 41943040
   P ext4                     0   0  1 20483  63 32   41951232
     ext4 blocksize=4096 Large file Sparse superblock Recover, 21 GB / 20 GiB
Change partition type:
   P ext4                     0   0  1 20483  63 32   41951232
     ext4 blocksize=4096 Large file Sparse superblock Recover, 21 GB / 20 GiB
search_superblock

recover_EXT2: s_block_group_nr=0/160, s_mnt_count=32/4294967295, s_blocks_per_group=32768, s_inodes_per_group=8192
recover_EXT2: s_blocksize=4096
recover_EXT2: s_blocks_count 5242880
recover_EXT2: part_size 41943040
Ext2 superblock found at sector 2 (block=0, blocksize=4096)

block_group_nr 1

recover_EXT2: "e2fsck -b 32768 -B 4096 device" may be needed
recover_EXT2: s_block_group_nr=1/160, s_mnt_count=0/4294967295, s_blocks_per_group=32768, s_inodes_per_group=8192
recover_EXT2: s_blocksize=4096
recover_EXT2: s_blocks_count 5242880
recover_EXT2: part_size 41943040
Ext2 superblock found at sector 262144 (block=32768, blocksize=4096)

block_group_nr 3

recover_EXT2: "e2fsck -b 98304 -B 4096 device" may be needed
recover_EXT2: s_block_group_nr=3/160, s_mnt_count=0/4294967295, s_blocks_per_group=32768, s_inodes_per_group=8192
recover_EXT2: s_blocksize=4096
recover_EXT2: s_blocks_count 5242880
recover_EXT2: part_size 41943040
Ext2 superblock found at sector 786432 (block=98304, blocksize=4096)

block_group_nr 5

recover_EXT2: "e2fsck -b 163840 -B 4096 device" may be needed
recover_EXT2: s_block_group_nr=5/160, s_mnt_count=0/4294967295, s_blocks_per_group=32768, s_inodes_per_group=8192
recover_EXT2: s_blocksize=4096
recover_EXT2: s_blocks_count 5242880
recover_EXT2: part_size 41943040
Ext2 superblock found at sector 1310720 (block=163840, blocksize=4096)

block_group_nr 7

recover_EXT2: "e2fsck -b 229376 -B 4096 device" may be needed
recover_EXT2: s_block_group_nr=7/160, s_mnt_count=0/4294967295, s_blocks_per_group=32768, s_inodes_per_group=8192
recover_EXT2: s_blocksize=4096
recover_EXT2: s_blocks_count 5242880
recover_EXT2: part_size 41943040
Ext2 superblock found at sector 1835008 (block=229376, blocksize=4096)

block_group_nr 9

recover_EXT2: "e2fsck -b 294912 -B 4096 device" may be needed
recover_EXT2: s_block_group_nr=9/160, s_mnt_count=0/4294967295, s_blocks_per_group=32768, s_inodes_per_group=8192
recover_EXT2: s_blocksize=4096
recover_EXT2: s_blocks_count 5242880
recover_EXT2: part_size 41943040
Ext2 superblock found at sector 2359296 (block=294912, blocksize=4096)

block_group_nr 25

recover_EXT2: "e2fsck -b 819200 -B 4096 device" may be needed
recover_EXT2: s_block_group_nr=25/160, s_mnt_count=0/4294967295, s_blocks_per_group=32768, s_inodes_per_group=8192
recover_EXT2: s_blocksize=4096
recover_EXT2: s_blocks_count 5242880
recover_EXT2: part_size 41943040
Ext2 superblock found at sector 6553600 (block=819200, blocksize=4096)

block_group_nr 27

recover_EXT2: "e2fsck -b 884736 -B 4096 device" may be needed
recover_EXT2: s_block_group_nr=27/160, s_mnt_count=0/4294967295, s_blocks_per_group=32768, s_inodes_per_group=8192
recover_EXT2: s_blocksize=4096
recover_EXT2: s_blocks_count 5242880
recover_EXT2: part_size 41943040
Ext2 superblock found at sector 7077888 (block=884736, blocksize=4096)

block_group_nr 49

recover_EXT2: "e2fsck -b 1605632 -B 4096 device" may be needed
recover_EXT2: s_block_group_nr=49/160, s_mnt_count=0/4294967295, s_blocks_per_group=32768, s_inodes_per_group=8192
recover_EXT2: s_blocksize=4096
recover_EXT2: s_blocks_count 5242880
recover_EXT2: part_size 41943040
Ext2 superblock found at sector 12845056 (block=1605632, blocksize=4096)

block_group_nr 81

recover_EXT2: "e2fsck -b 2654208 -B 4096 device" may be needed
recover_EXT2: s_block_group_nr=81/160, s_mnt_count=0/4294967295, s_blocks_per_group=32768, s_inodes_per_group=8192
recover_EXT2: s_blocksize=4096
recover_EXT2: s_blocks_count 5242880
recover_EXT2: part_size 41943040
Ext2 superblock found at sector 21233664 (block=2654208, blocksize=4096)
  ext4                     0   0  1 20479  63 32   41943040
superblock 0, blocksize=4096 []
superblock 32768, blocksize=4096 []
superblock 98304, blocksize=4096 []
superblock 163840, blocksize=4096 []
superblock 229376, blocksize=4096 []
superblock 294912, blocksize=4096 []
superblock 819200, blocksize=4096 []
superblock 884736, blocksize=4096 []
superblock 1605632, blocksize=4096 []
superblock 2654208, blocksize=4096 []

To repair the filesystem using alternate superblock, run
fsck.ext4 -p -b superblock -B blocksize device


dir_partition inode=2
   P ext4                     0   0  1 20483  63 32   41951232
     ext4 blocksize=4096 Large file Sparse superblock Recover, 21 GB / 20 GiB
Directory /
       2 drwxr-xr-x     0      0      4096  7-Mar-2017 19:17 .
       2 drwxr-xr-x     0      0      4096  7-Mar-2017 19:17 ..
      11 drwx------     0      0     16384 20-Apr-2014 21:19 lost+found
   25773 -rw-r--r--     0      0    523264 15-Sep-2015 10:55 Documents
  901148 drwxr-xr-x     0      0      4096 18-Oct-2016 14:45 build
   32769 drwxr-xr-x     0      0      4096  6-Feb-2018 07:42 bin
   24577 drwxr-xr-x     0      0      4096  8-Sep-2015 11:51 boot
   14076 drwxr-xr-x     0      0     12288 21-Feb-2018 16:09 dev
   16385 drwxr-xr-x     0      0     12288  7-Mar-2018 08:28 etc
    8193 drwxr-xr-x     0      0      4096  5-Nov-2015 13:25 home
   19564 drwxr-xr-x     0      0      4096  6-Apr-2017 09:41 lib
   22653 drwxr-xr-x     0      0      4096 18-Jan-2018 07:59 lib64
      12 drwxr-xr-x     0      0      4096 20-Apr-2014 21:20 media
   28873 drwxr-xr-x     0      0      4096 11-Apr-2014 06:12 mnt
   22651 drwxr-xr-x     0      0      4096 25-Aug-2016 10:19 opt
    4129 drwxr-xr-x     0      0      4096 11-Apr-2014 06:12 proc
   25624 drwx------     0      0      4096  5-Nov-2015 11:26 root
    5211 drwxr-xr-x     0      0      4096 22-Oct-2014 01:14 run
   29443 drwxr-xr-x     0      0     12288  2-Mar-2018 07:38 sbin
   22652 drwxr-xr-x     0      0      4096 17-Apr-2014 05:02 srv
    8194 drwxr-xr-x     0      0      4096 13-Mar-2014 09:41 sys
    5212 drwxrwxrwt     0      0      4096  8-Mar-2018 22:25 tmp
      13 drwxr-xr-x     0      0      4096 20-Apr-2014 21:19 usr
    4130 drwxr-xr-x     0      0      4096  8-Sep-2015 11:53 var
   45138 drwxr-xr-x     0      0      4096 20-Oct-2016 15:21 out


dir_partition inode=2
   P ext4                     0   0  1 20483  63 32   41951232
     ext4 blocksize=4096 Large file Sparse superblock Recover, 21 GB / 20 GiB
Directory /
       2 drwxr-xr-x     0      0      4096  7-Mar-2017 19:17 .
       2 drwxr-xr-x     0      0      4096  7-Mar-2017 19:17 ..
      11 drwx------     0      0     16384 20-Apr-2014 21:19 lost+found
   25773 -rw-r--r--     0      0    523264 15-Sep-2015 10:55 Documents
  901148 drwxr-xr-x     0      0      4096 18-Oct-2016 14:45 build
   32769 drwxr-xr-x     0      0      4096  6-Feb-2018 07:42 bin
   24577 drwxr-xr-x     0      0      4096  8-Sep-2015 11:51 boot
   14076 drwxr-xr-x     0      0     12288 21-Feb-2018 16:09 dev
   16385 drwxr-xr-x     0      0     12288  7-Mar-2018 08:28 etc
    8193 drwxr-xr-x     0      0      4096  5-Nov-2015 13:25 home
   19564 drwxr-xr-x     0      0      4096  6-Apr-2017 09:41 lib
   22653 drwxr-xr-x     0      0      4096 18-Jan-2018 07:59 lib64
      12 drwxr-xr-x     0      0      4096 20-Apr-2014 21:20 media
   28873 drwxr-xr-x     0      0      4096 11-Apr-2014 06:12 mnt
   22651 drwxr-xr-x     0      0      4096 25-Aug-2016 10:19 opt
    4129 drwxr-xr-x     0      0      4096 11-Apr-2014 06:12 proc
   25624 drwx------     0      0      4096  5-Nov-2015 11:26 root
    5211 drwxr-xr-x     0      0      4096 22-Oct-2014 01:14 run
   29443 drwxr-xr-x     0      0     12288  2-Mar-2018 07:38 sbin
   22652 drwxr-xr-x     0      0      4096 17-Apr-2014 05:02 srv
    8194 drwxr-xr-x     0      0      4096 13-Mar-2014 09:41 sys
    5212 drwxrwxrwt     0      0      4096  8-Mar-2018 22:25 tmp
      13 drwxr-xr-x     0      0      4096 20-Apr-2014 21:19 usr
    4130 drwxr-xr-x     0      0      4096  8-Sep-2015 11:53 var
   45138 drwxr-xr-x     0      0      4096 20-Oct-2016 15:21 out
SIGINT detected! TestDisk has been killed.
